case test.cons
n m h_n h_i : ℕ,
h_is : list ℕ,
h_a : test h_n h_is,
h : test (h_n.add (2.add 0)).succ (h_i :: h_is)
⊢ n + n = (h_n.add (2.add 0)).succ → [m] = h_i :: h_is → false
1794.lean:8:0: warning: declaration 'example3' uses sorry
