(1, 2) : ℕ × ℕ
⟨trivial, trivial⟩ : true ∧ true
anc1.lean:5:0: warning: declaration '[anonymous]' uses sorry
⟨1, _⟩ : Σ' (x : ℕ), x > 0
show true, from true.intro : true
Exists.intro 1 (id (λ (_x : 1 = 0), nat.no_confusion _x)) : ∃ (x : ℕ), 1 ≠ 0
λ (A B C : Prop) (Ha : A) (Hb : B) (Hc : C), show B ∧ A, from ⟨Hb, Ha⟩ :
  ∀ (A B C : Prop), A → B → C → B ∧ A
λ (A B C : Prop) (Ha : A) (Hb : B) (Hc : C), show B ∧ A ∧ C ∧ A, from ⟨Hb, ⟨Ha, ⟨Hc, Ha⟩⟩⟩ :
  ∀ (A B C : Prop), A → B → C → B ∧ A ∧ C ∧ A
λ (A B C : Prop) (Ha : A) (Hb : B) (Hc : C), show B ∧ A ∧ C ∧ A, from ⟨Hb, ⟨Ha, ⟨Hc, Ha⟩⟩⟩ :
  ∀ (A B C : Prop), A → B → C → B ∧ A ∧ C ∧ A
λ (A B C : Prop) (Ha : A) (Hb : B) (Hc : C),
  show ((B ∧ true) ∧ A) ∧ C ∧ A, from ⟨⟨⟨Hb, true.intro⟩, Ha⟩, ⟨Hc, Ha⟩⟩ :
  ∀ (A B C : Prop), A → B → C → ((B ∧ true) ∧ A) ∧ C ∧ A
λ (A : Type u) (P Q : A → Prop) (a : A) (H1 : P a) (H2 : Q a),
  show ∃ (x : A), P x ∧ Q x, from Exists.intro a ⟨H1, H2⟩ :
  ∀ (A : Type u) (P Q : A → Prop) (a : A), P a → Q a → (∃ (x : A), P x ∧ Q x)
λ (A : Type u) (P Q : A → Prop) (a b : A) (H1 : P a) (H2 : Q b),
  show ∃ (x y : A), P x ∧ Q y, from Exists.intro a (Exists.intro b ⟨H1, H2⟩) :
  ∀ (A : Type u) (P Q : A → Prop) (a b : A), P a → Q b → (∃ (x y : A), P x ∧ Q y)
λ (A : Type u) (P Q : A → Prop) (a b : A) (H1 : P a) (H2 : Q b),
  show ∃ (x y : A), P x ∧ Q y, from Exists.intro a (Exists.intro b ⟨H1, H2⟩) :
  ∀ (A : Type u) (P Q : A → Prop) (a b : A), P a → Q b → (∃ (x y : A), P x ∧ Q y)
