b : ℕ
⊢ b.succ.succ = (b + 1).succ
---- after dsimp ----
b : ℕ
⊢ b + 0 + 1 + 0 + 1 = b + 1 + 0 + 1
