def2.lean:3:11: error: missing 'noncomputable' modifier, definition 'foo' depends on 'val'
