f ℕ has_lt.lt : Type
id (f ℕ has_lt.lt) : Type
mk 1 has_lt.lt : f ℕ has_lt.lt
(mk 1 has_lt.lt).to_val : ℕ
1
1
1
