2 goals
case nat.zero
b : ℕ
⊢ 0 + b = b + 0

case nat.succ
b a : ℕ
⊢ a.succ + b = b + a.succ
induction_naming.lean:1:0: warning: declaration '[anonymous]' uses sorry
2 goals
case nat.zero
b : ℕ
⊢ 0 + b = b + 0

case nat.succ
b a_n : ℕ,
a_ih : a_n + b = b + a_n
⊢ a_n.succ + b = b + a_n.succ
induction_naming.lean:8:0: warning: declaration '[anonymous]' uses sorry
2 goals
case nat.zero
b : ℕ
⊢ 0 + b = b + 0

case nat.succ
b n : ℕ,
ih : n + b = b + n
⊢ n.succ + b = b + n.succ
induction_naming.lean:17:0: warning: declaration '[anonymous]' uses sorry
