"(some [0.699999988079071])"
"(some {\"hello\":0.400000005960464,\"world\":[\"this is a \\\" string with an annoying quote in it. \",3,2,1,false,true,null]})"
"none"
