level.instantiate : level → list (name × level) → level
"y"
"y"
"y"
"max y z"
