nested_errors.lean:7:13: error: intro tactic failed, Pi/let expression expected
state:
a b c : ℕ,
ᾰ : a = b,
ᾰ_1 : c = b
⊢ a = c
