noncomp_error.lean:1:25: warning: unexpected 'noncomputable' modifier, definition 'a' is computable
