h1 : false,
x x y : ℕ,
h : x = 0,
h : x = 0
⊢ f (λ (x_1 y_1 : ℕ), x + x_1 = x + y + y_1)
h1 : false,
a b c : ℕ,
ᾰ : a = 0,
ᾰ_1 : b = 0
⊢ f (λ (x y : ℕ), a + x = b + c + y)
