2 goals
⊢ list.nil = list.nil

h : ℕ,
t : list ℕ,
iH : t.append list.nil = t
⊢ (h :: t).append list.nil = h :: t
------
h : ℕ,
t : list ℕ,
iH : t.append list.nil = t
⊢ h :: t.append list.nil = h :: t
