{"message":"file invalidated","response":"ok","seq_num":1}
{"response":"ok","seq_num":2}
