{"message":"file invalidated","response":"ok","seq_num":0}
{"completions":[{"source":,"text":"foo.rec","type":"Π (motive : foo → Sort l) (n : foo), motive n"},{"source":{"column":10,"line":3},"text":"foo.rec_on","type":"Π (motive : foo → Sort l) (n : foo), motive n"},{"source":{"column":10,"line":3},"text":"foo","type":"Type"}],"prefix":"foo.","response":"ok","seq_num":6}
