{"msgs":[{"caption":"trace output","file_name":"parser_itactic.lean","pos_col":12,"pos_line":24,"severity":"information","text":"hi\n"}],"response":"all_messages"}
{"msgs":[{"caption":"trace output","file_name":"parser_itactic.lean","pos_col":12,"pos_line":24,"severity":"information","text":"hi\n"},{"caption":"trace output","file_name":"parser_itactic.lean","pos_col":21,"pos_line":26,"severity":"information","text":"hi\n"}],"response":"all_messages"}
{"msgs":[{"caption":"trace output","file_name":"parser_itactic.lean","pos_col":12,"pos_line":24,"severity":"information","text":"hi\n"},{"caption":"trace output","file_name":"parser_itactic.lean","pos_col":21,"pos_line":26,"severity":"information","text":"hi\n"},{"caption":"trace output","file_name":"parser_itactic.lean","pos_col":4,"pos_line":28,"severity":"information","text":"nothing\n"}],"response":"all_messages"}
{"msgs":[{"caption":"trace output","file_name":"parser_itactic.lean","pos_col":12,"pos_line":24,"severity":"information","text":"hi\n"},{"caption":"trace output","file_name":"parser_itactic.lean","pos_col":21,"pos_line":26,"severity":"information","text":"hi\n"},{"caption":"trace output","file_name":"parser_itactic.lean","pos_col":4,"pos_line":28,"severity":"information","text":"nothing\n"},{"caption":"trace output","file_name":"parser_itactic.lean","pos_col":4,"pos_line":30,"severity":"information","text":"some\n  (interactive.executor.execute_explicit tactic\n     (has_bind.seq\n        (has_bind.seq (save_info {line := 30, column := 15})\n           (has_bind.seq (has_bind.seq (save_info {line := 30, column := 16}) (istep 30 16 30 16 195 (trace \"hi\")))\n              (save_info {line := 30, column := 34})))\n        (save_info {line := 30, column := 33})))\n"}],"response":"all_messages"}
{"msgs":[{"caption":"trace output","file_name":"parser_itactic.lean","pos_col":12,"pos_line":24,"severity":"information","text":"hi\n"},{"caption":"trace output","file_name":"parser_itactic.lean","pos_col":21,"pos_line":26,"severity":"information","text":"hi\n"},{"caption":"trace output","file_name":"parser_itactic.lean","pos_col":4,"pos_line":28,"severity":"information","text":"nothing\n"},{"caption":"trace output","file_name":"parser_itactic.lean","pos_col":4,"pos_line":30,"severity":"information","text":"some\n  (interactive.executor.execute_explicit tactic\n     (has_bind.seq\n        (has_bind.seq (save_info {line := 30, column := 15})\n           (has_bind.seq (has_bind.seq (save_info {line := 30, column := 16}) (istep 30 16 30 16 195 (trace \"hi\")))\n              (save_info {line := 30, column := 34})))\n        (save_info {line := 30, column := 33})))\n"},{"caption":"trace output","file_name":"parser_itactic.lean","pos_col":4,"pos_line":31,"severity":"information","text":"some\n  (interactive.executor.execute_explicit tactic\n     (has_bind.seq (save_info {line := 31, column := 15}) (save_info {line := 31, column := 16})))\n"}],"response":"all_messages"}
{"msgs":[{"caption":"trace output","file_name":"parser_itactic.lean","pos_col":12,"pos_line":24,"severity":"information","text":"hi\n"},{"caption":"trace output","file_name":"parser_itactic.lean","pos_col":21,"pos_line":26,"severity":"information","text":"hi\n"},{"caption":"trace output","file_name":"parser_itactic.lean","pos_col":4,"pos_line":28,"severity":"information","text":"nothing\n"},{"caption":"trace output","file_name":"parser_itactic.lean","pos_col":4,"pos_line":30,"severity":"information","text":"some\n  (interactive.executor.execute_explicit tactic\n     (has_bind.seq\n        (has_bind.seq (save_info {line := 30, column := 15})\n           (has_bind.seq (has_bind.seq (save_info {line := 30, column := 16}) (istep 30 16 30 16 195 (trace \"hi\")))\n              (save_info {line := 30, column := 34})))\n        (save_info {line := 30, column := 33})))\n"},{"caption":"trace output","file_name":"parser_itactic.lean","pos_col":4,"pos_line":31,"severity":"information","text":"some\n  (interactive.executor.execute_explicit tactic\n     (has_bind.seq (save_info {line := 31, column := 15}) (save_info {line := 31, column := 16})))\n"},{"caption":"trace output","file_name":"parser_itactic.lean","pos_col":4,"pos_line":32,"severity":"information","text":"none\n"}],"response":"all_messages"}
{"msgs":[{"caption":"trace output","file_name":"parser_itactic.lean","pos_col":12,"pos_line":24,"severity":"information","text":"hi\n"},{"caption":"trace output","file_name":"parser_itactic.lean","pos_col":21,"pos_line":26,"severity":"information","text":"hi\n"},{"caption":"trace output","file_name":"parser_itactic.lean","pos_col":4,"pos_line":28,"severity":"information","text":"nothing\n"},{"caption":"trace output","file_name":"parser_itactic.lean","pos_col":4,"pos_line":30,"severity":"information","text":"some\n  (interactive.executor.execute_explicit tactic\n     (has_bind.seq\n        (has_bind.seq (save_info {line := 30, column := 15})\n           (has_bind.seq (has_bind.seq (save_info {line := 30, column := 16}) (istep 30 16 30 16 195 (trace \"hi\")))\n              (save_info {line := 30, column := 34})))\n        (save_info {line := 30, column := 33})))\n"},{"caption":"trace output","file_name":"parser_itactic.lean","pos_col":4,"pos_line":31,"severity":"information","text":"some\n  (interactive.executor.execute_explicit tactic\n     (has_bind.seq (save_info {line := 31, column := 15}) (save_info {line := 31, column := 16})))\n"},{"caption":"trace output","file_name":"parser_itactic.lean","pos_col":4,"pos_line":32,"severity":"information","text":"none\n"},{"caption":"trace output","file_name":"parser_itactic.lean","pos_col":0,"pos_line":23,"severity":"information","text":"hi2\n"}],"response":"all_messages"}
{"msgs":[{"caption":"trace output","file_name":"parser_itactic.lean","pos_col":12,"pos_line":24,"severity":"information","text":"hi\n"},{"caption":"trace output","file_name":"parser_itactic.lean","pos_col":21,"pos_line":26,"severity":"information","text":"hi\n"},{"caption":"trace output","file_name":"parser_itactic.lean","pos_col":4,"pos_line":28,"severity":"information","text":"nothing\n"},{"caption":"trace output","file_name":"parser_itactic.lean","pos_col":4,"pos_line":30,"severity":"information","text":"some\n  (interactive.executor.execute_explicit tactic\n     (has_bind.seq\n        (has_bind.seq (save_info {line := 30, column := 15})\n           (has_bind.seq (has_bind.seq (save_info {line := 30, column := 16}) (istep 30 16 30 16 195 (trace \"hi\")))\n              (save_info {line := 30, column := 34})))\n        (save_info {line := 30, column := 33})))\n"},{"caption":"trace output","file_name":"parser_itactic.lean","pos_col":4,"pos_line":31,"severity":"information","text":"some\n  (interactive.executor.execute_explicit tactic\n     (has_bind.seq (save_info {line := 31, column := 15}) (save_info {line := 31, column := 16})))\n"},{"caption":"trace output","file_name":"parser_itactic.lean","pos_col":4,"pos_line":32,"severity":"information","text":"none\n"},{"caption":"trace output","file_name":"parser_itactic.lean","pos_col":0,"pos_line":23,"severity":"information","text":"hi2\n"},{"caption":"trace output","file_name":"parser_itactic.lean","pos_col":4,"pos_line":35,"severity":"information","text":"nothing\n"}],"response":"all_messages"}
{"msgs":[{"caption":"trace output","file_name":"parser_itactic.lean","pos_col":12,"pos_line":24,"severity":"information","text":"hi\n"},{"caption":"trace output","file_name":"parser_itactic.lean","pos_col":21,"pos_line":26,"severity":"information","text":"hi\n"},{"caption":"trace output","file_name":"parser_itactic.lean","pos_col":4,"pos_line":28,"severity":"information","text":"nothing\n"},{"caption":"trace output","file_name":"parser_itactic.lean","pos_col":4,"pos_line":30,"severity":"information","text":"some\n  (interactive.executor.execute_explicit tactic\n     (has_bind.seq\n        (has_bind.seq (save_info {line := 30, column := 15})\n           (has_bind.seq (has_bind.seq (save_info {line := 30, column := 16}) (istep 30 16 30 16 195 (trace \"hi\")))\n              (save_info {line := 30, column := 34})))\n        (save_info {line := 30, column := 33})))\n"},{"caption":"trace output","file_name":"parser_itactic.lean","pos_col":4,"pos_line":31,"severity":"information","text":"some\n  (interactive.executor.execute_explicit tactic\n     (has_bind.seq (save_info {line := 31, column := 15}) (save_info {line := 31, column := 16})))\n"},{"caption":"trace output","file_name":"parser_itactic.lean","pos_col":4,"pos_line":32,"severity":"information","text":"none\n"},{"caption":"trace output","file_name":"parser_itactic.lean","pos_col":0,"pos_line":23,"severity":"information","text":"hi2\n"},{"caption":"trace output","file_name":"parser_itactic.lean","pos_col":4,"pos_line":35,"severity":"information","text":"nothing\n"},{"caption":"trace output","file_name":"parser_itactic.lean","pos_col":4,"pos_line":36,"severity":"information","text":"some\n  (interactive.executor.execute_explicit tactic\n     (has_bind.seq\n        (has_bind.seq (save_info {line := 21, column := 53})\n           (has_bind.seq (has_bind.seq (save_info {line := 21, column := 54}) (istep 21 54 21 54 156 (trace \"hi2\")))\n              (save_info {line := 21, column := 73})))\n        (save_info {line := 21, column := 72})))\n"}],"response":"all_messages"}
{"message":"file invalidated","response":"ok","seq_num":0}
